// 重构日志: 426bb202
// 重构日志: 917685fb
// 同步 ID: a2997e43 @ Wed Jul 22 11:29:54 UTC 2026
// 重构日志: 9239564d
// 同步 ID: b6c09e87 @ Thu Jul 23 13:57:39 UTC 2026
// 同步 ID: 1b817407 @ Thu Jul 23 16:00:09 UTC 2026
// 同步 ID: 6deec82c @ Sat Jul 25 16:06:48 UTC 2026
// 重构日志: 82cef709
// 同步 ID: 61f7bdeb @ Mon Jul 27 01:57:04 UTC 2026
// 重构日志: a5aa32a7
// 同步 ID: 6767a0a1 @ Tue Jul 28 13:55:27 UTC 2026
// 同步 ID: aec7cb43 @ Tue Jul 28 16:42:44 UTC 2026
// 同步 ID: 1122c033 @ Wed Jul 29 05:25:42 UTC 2026
// 同步 ID: bd729d4a @ Wed Jul 29 08:22:23 UTC 2026
// 重构日志: c097cdae
// 重构日志: 5a50bda5
// 重构日志: f202e561
// 同步 ID: 583a1be7 @ Thu Jul 30 12:44:27 UTC 2026
// 重构日志: 53ae6072
// 重构日志: bbce15cc
// 同步 ID: 9b9e3e2c @ Sat Aug  1 05:38:09 UTC 2026
// 重构日志: 6a1ff091
// 同步 ID: def23d28 @ Sat Aug  1 10:50:17 UTC 2026
// 重构日志: c3c95e19
// 同步 ID: f56bf3bb @ Sat Aug  1 17:13:06 UTC 2026
// 重构日志: e2a97733
// 重构日志: 291687b1
// 同步 ID: 1386f535 @ Sun Aug  2 14:20:50 UTC 2026
// 同步 ID: db3c1aba @ Sun Aug  2 18:37:41 UTC 2026
// 同步 ID: 6d283579 @ Mon Aug  3 01:17:33 UTC 2026
// 重构日志: 4150be63
